     1	The quick brown 
     2	fox jumps over 
     3	the lazy dog.
