==> tests/inputs/10.txt <==
ten

==> tests/inputs/empty.txt <==

==> tests/inputs/one.txt <==
Ã–ne line, four words.

==> tests/inputs/three.txt <==
four words.

==> tests/inputs/two.txt <==
Four words.
