nine
ten
Öne line, four wordś.
lines,
four words.
Two lines.
Four words.
