==> tests/inputs/10.txt <==
ine
ten

==> tests/inputs/empty.txt <==

==> tests/inputs/one.txt <==
 words.

==> tests/inputs/three.txt <==
 words.

==> tests/inputs/two.txt <==
 words.
