==> tests/inputs/10.txt <==
ht
nine
ten

==> tests/inputs/empty.txt <==

==> tests/inputs/one.txt <==
four words.

==> tests/inputs/three.txt <==
four words.

==> tests/inputs/two.txt <==
Four words.
