==> tests/inputs/10.txt <==
n

==> tests/inputs/empty.txt <==

==> tests/inputs/one.txt <==
.

==> tests/inputs/three.txt <==
.

==> tests/inputs/two.txt <==
.
