   2 one
   2 two
   1 one
   3 three
   1 one
   4 four
