       0 tests/inputs/empty.txt
      23 tests/inputs/one.txt
      25 tests/inputs/two.txt
      28 tests/inputs/three.txt
      76 total
