       0 tests/inputs/empty.txt
       4 tests/inputs/one.txt
       4 tests/inputs/two.txt
       4 tests/inputs/three.txt
      12 total
