       0       0 tests/inputs/empty.txt
       1      23 tests/inputs/one.txt
       2      25 tests/inputs/two.txt
       3      28 tests/inputs/three.txt
       6      76 total
