       0       0 tests/inputs/empty.txt
       1      22 tests/inputs/one.txt
       2      25 tests/inputs/two.txt
       3      27 tests/inputs/three.txt
       6      74 total
