       0 tests/inputs/empty.txt
       1 tests/inputs/one.txt
       2 tests/inputs/two.txt
       3 tests/inputs/three.txt
       6 total
