       0       0 tests/inputs/empty.txt
       1       4 tests/inputs/one.txt
       2       4 tests/inputs/two.txt
       3       4 tests/inputs/three.txt
       6      12 total
