       0 tests/inputs/empty.txt
      22 tests/inputs/one.txt
      25 tests/inputs/two.txt
      27 tests/inputs/three.txt
      74 total
