       0       0 tests/inputs/empty.txt
       4      22 tests/inputs/one.txt
       4      25 tests/inputs/two.txt
       4      27 tests/inputs/three.txt
      12      74 total
