name,rank,serial_number
Ken,Captain,12345
Patch,Commander,09876
