-rw-r--r--        0 Mar 19 21 10:12 tests/inputs/empty.txt
-rw-r--r--       23 Mar 19 21 10:12 tests/inputs/one.txt
-rw-r--r--       23 Mar 19 21 10:12 tests/inputs/two.txt
-rw-r--r--       27 Mar 19 21 10:12 tests/inputs/three.txt
