-rw-r--r--        0 Mar 19 21 10:12 tests/inputs/empty.txt
