-rw-r--r--       23 Mar 19 21 10:12 tests/inputs/one.txt
