-rw-r--r--       27 Mar 19 21 10:12 tests/inputs/three.txt
